Thu Nov 27 21:11:07 GMT-03:00 2025 - ALERTA [SENSOR-MOSSORO @ UFERSA - Mossoro, RN]: SO2 ALTO: 90,8ppb (limite: 80,0ppb) PM2.5 ALTO: 128,1μg/m³ (limite: 120,0μg/m³) PM10 ALTO: 205,6μg/m³ (limite: 200,0μg/m³) UV ALTO: 9,2 (limite: 9,0) 
Thu Nov 27 21:11:07 GMT-03:00 2025 - ALERTA [SENSOR-PAUDOSFERROS @ UFERSA - Pau dos Ferros, RN]: CO ALTO: 48,1ppm (limite: 40,0ppm) NO2 ALTO: 167,5ppb (limite: 160,0ppb) PM2.5 ALTO: 140,8μg/m³ (limite: 120,0μg/m³) PM10 ALTO: 214,4μg/m³ (limite: 200,0μg/m³) RUÍDO ALTO: 88,7dB (limite: 85,0dB) 
Thu Nov 27 21:11:07 GMT-03:00 2025 - ALERTA [SENSOR-CARAUBAS @ UFERSA - Caraubas, RN]: CO2 ALTO: 1970,1ppm (limite: 1600,0ppm) CO ALTO: 47,9ppm (limite: 40,0ppm) 
Thu Nov 27 21:11:09 GMT-03:00 2025 - ALERTA [SENSOR-PAUDOSFERROS @ UFERSA - Pau dos Ferros, RN]: SO2 ALTO: 88,0ppb (limite: 80,0ppb) RUÍDO ALTO: 85,1dB (limite: 85,0dB) 
Thu Nov 27 21:11:09 GMT-03:00 2025 - ALERTA [SENSOR-ANGICOS @ UFERSA - Angicos, RN]: RUÍDO ALTO: 97,6dB (limite: 85,0dB) 
Thu Nov 27 21:11:10 GMT-03:00 2025 - ALERTA [SENSOR-CARAUBAS @ UFERSA - Caraubas, RN]: CO2 ALTO: 1748,5ppm (limite: 1600,0ppm) NO2 ALTO: 194,3ppb (limite: 160,0ppb) SO2 ALTO: 82,5ppb (limite: 80,0ppb) PM2.5 ALTO: 149,2μg/m³ (limite: 120,0μg/m³) PM10 ALTO: 229,6μg/m³ (limite: 200,0μg/m³) UV ALTO: 10,5 (limite: 9,0) 
Thu Nov 27 21:11:12 GMT-03:00 2025 - ALERTA [SENSOR-PAUDOSFERROS @ UFERSA - Pau dos Ferros, RN]: CO2 ALTO: 1956,0ppm (limite: 1600,0ppm) PM10 ALTO: 207,5μg/m³ (limite: 200,0μg/m³) 
Thu Nov 27 21:11:13 GMT-03:00 2025 - ALERTA [SENSOR-MOSSORO @ UFERSA - Mossoro, RN]: PM2.5 ALTO: 142,2μg/m³ (limite: 120,0μg/m³) RUÍDO ALTO: 97,7dB (limite: 85,0dB) 
Thu Nov 27 21:11:13 GMT-03:00 2025 - ALERTA [SENSOR-CARAUBAS @ UFERSA - Caraubas, RN]: CO2 ALTO: 1845,1ppm (limite: 1600,0ppm) NO2 ALTO: 168,5ppb (limite: 160,0ppb) 
Thu Nov 27 21:11:14 GMT-03:00 2025 - ALERTA [SENSOR-PAUDOSFERROS @ UFERSA - Pau dos Ferros, RN]: CO2 ALTO: 1938,8ppm (limite: 1600,0ppm) NO2 ALTO: 182,9ppb (limite: 160,0ppb) SO2 ALTO: 93,1ppb (limite: 80,0ppb) 
Thu Nov 27 21:11:14 GMT-03:00 2025 - ALERTA [SENSOR-ANGICOS @ UFERSA - Angicos, RN]: SO2 ALTO: 97,6ppb (limite: 80,0ppb) PM2.5 ALTO: 126,3μg/m³ (limite: 120,0μg/m³) RUÍDO ALTO: 93,8dB (limite: 85,0dB) 
Thu Nov 27 21:11:16 GMT-03:00 2025 - ALERTA [SENSOR-CARAUBAS @ UFERSA - Caraubas, RN]: CO ALTO: 42,4ppm (limite: 40,0ppm) SO2 ALTO: 98,6ppb (limite: 80,0ppb) 
Thu Nov 27 21:11:16 GMT-03:00 2025 - ALERTA [SENSOR-PAUDOSFERROS @ UFERSA - Pau dos Ferros, RN]: CO2 ALTO: 1790,8ppm (limite: 1600,0ppm) PM2.5 ALTO: 127,8μg/m³ (limite: 120,0μg/m³) 
Thu Nov 27 21:11:16 GMT-03:00 2025 - ALERTA [SENSOR-ANGICOS @ UFERSA - Angicos, RN]: CO2 ALTO: 1938,4ppm (limite: 1600,0ppm) PM10 ALTO: 215,7μg/m³ (limite: 200,0μg/m³) RUÍDO ALTO: 99,9dB (limite: 85,0dB) 
Thu Nov 27 21:11:18 GMT-03:00 2025 - ALERTA [SENSOR-MOSSORO @ UFERSA - Mossoro, RN]: CO2 ALTO: 1651,2ppm (limite: 1600,0ppm) SO2 ALTO: 86,6ppb (limite: 80,0ppb) 
Thu Nov 27 21:11:19 GMT-03:00 2025 - ALERTA [SENSOR-PAUDOSFERROS @ UFERSA - Pau dos Ferros, RN]: CO2 ALTO: 1687,9ppm (limite: 1600,0ppm) PM2.5 ALTO: 149,1μg/m³ (limite: 120,0μg/m³) 
Thu Nov 27 21:11:19 GMT-03:00 2025 - ALERTA [SENSOR-CARAUBAS @ UFERSA - Caraubas, RN]: CO2 ALTO: 1814,2ppm (limite: 1600,0ppm) NO2 ALTO: 180,4ppb (limite: 160,0ppb) PM10 ALTO: 202,9μg/m³ (limite: 200,0μg/m³) RUÍDO ALTO: 96,7dB (limite: 85,0dB) 
Thu Nov 27 21:11:19 GMT-03:00 2025 - ALERTA [SENSOR-ANGICOS @ UFERSA - Angicos, RN]: SO2 ALTO: 92,5ppb (limite: 80,0ppb) 
Thu Nov 27 21:11:21 GMT-03:00 2025 - ALERTA [SENSOR-PAUDOSFERROS @ UFERSA - Pau dos Ferros, RN]: CO2 ALTO: 1726,1ppm (limite: 1600,0ppm) CO ALTO: 45,7ppm (limite: 40,0ppm) NO2 ALTO: 183,5ppb (limite: 160,0ppb) 
Thu Nov 27 21:11:21 GMT-03:00 2025 - ALERTA [SENSOR-ANGICOS @ UFERSA - Angicos, RN]: CO2 ALTO: 1858,8ppm (limite: 1600,0ppm) SO2 ALTO: 82,0ppb (limite: 80,0ppb) RUÍDO ALTO: 93,8dB (limite: 85,0dB) 
Thu Nov 27 21:11:22 GMT-03:00 2025 - ALERTA [SENSOR-CARAUBAS @ UFERSA - Caraubas, RN]: NO2 ALTO: 177,3ppb (limite: 160,0ppb) 
Thu Nov 27 21:11:23 GMT-03:00 2025 - ALERTA [SENSOR-PAUDOSFERROS @ UFERSA - Pau dos Ferros, RN]: PM10 ALTO: 210,4μg/m³ (limite: 200,0μg/m³) 
Thu Nov 27 21:11:24 GMT-03:00 2025 - ALERTA [SENSOR-MOSSORO @ UFERSA - Mossoro, RN]: PM2.5 ALTO: 121,6μg/m³ (limite: 120,0μg/m³) RUÍDO ALTO: 86,0dB (limite: 85,0dB) 
Thu Nov 27 21:11:25 GMT-03:00 2025 - ALERTA [SENSOR-CARAUBAS @ UFERSA - Caraubas, RN]: PM2.5 ALTO: 146,1μg/m³ (limite: 120,0μg/m³) 
Thu Nov 27 21:11:26 GMT-03:00 2025 - ALERTA [SENSOR-PAUDOSFERROS @ UFERSA - Pau dos Ferros, RN]: PM2.5 ALTO: 124,4μg/m³ (limite: 120,0μg/m³) 
Thu Nov 27 21:11:28 GMT-03:00 2025 - ALERTA [SENSOR-PAUDOSFERROS @ UFERSA - Pau dos Ferros, RN]: UV ALTO: 9,1 (limite: 9,0) 
Thu Nov 27 21:11:30 GMT-03:00 2025 - ALERTA [SENSOR-MOSSORO @ UFERSA - Mossoro, RN]: RUÍDO ALTO: 91,7dB (limite: 85,0dB) 
Thu Nov 27 21:11:30 GMT-03:00 2025 - ALERTA [SENSOR-PAUDOSFERROS @ UFERSA - Pau dos Ferros, RN]: CO ALTO: 40,1ppm (limite: 40,0ppm) SO2 ALTO: 91,2ppb (limite: 80,0ppb) 
Thu Nov 27 21:11:31 GMT-03:00 2025 - ALERTA [SENSOR-CARAUBAS @ UFERSA - Caraubas, RN]: CO2 ALTO: 1641,1ppm (limite: 1600,0ppm) CO ALTO: 43,7ppm (limite: 40,0ppm) NO2 ALTO: 181,7ppb (limite: 160,0ppb) PM10 ALTO: 233,2μg/m³ (limite: 200,0μg/m³) 
Thu Nov 27 21:11:31 GMT-03:00 2025 - ALERTA [SENSOR-ANGICOS @ UFERSA - Angicos, RN]: CO2 ALTO: 1812,0ppm (limite: 1600,0ppm) CO ALTO: 49,3ppm (limite: 40,0ppm) PM10 ALTO: 235,4μg/m³ (limite: 200,0μg/m³) RUÍDO ALTO: 98,4dB (limite: 85,0dB) 
Thu Nov 27 21:11:33 GMT-03:00 2025 - ALERTA [SENSOR-MOSSORO @ UFERSA - Mossoro, RN]: RUÍDO ALTO: 88,2dB (limite: 85,0dB) 
Thu Nov 27 21:11:35 GMT-03:00 2025 - ALERTA [SENSOR-PAUDOSFERROS @ UFERSA - Pau dos Ferros, RN]: NO2 ALTO: 168,6ppb (limite: 160,0ppb) PM10 ALTO: 247,2μg/m³ (limite: 200,0μg/m³) 
Thu Nov 27 21:11:35 GMT-03:00 2025 - ALERTA [SENSOR-ANGICOS @ UFERSA - Angicos, RN]: NO2 ALTO: 197,9ppb (limite: 160,0ppb) PM10 ALTO: 229,5μg/m³ (limite: 200,0μg/m³) RUÍDO ALTO: 91,5dB (limite: 85,0dB) UV ALTO: 9,5 (limite: 9,0) 
Thu Nov 27 21:11:36 GMT-03:00 2025 - ALERTA [SENSOR-MOSSORO @ UFERSA - Mossoro, RN]: PM2.5 ALTO: 147,8μg/m³ (limite: 120,0μg/m³) PM10 ALTO: 201,6μg/m³ (limite: 200,0μg/m³) 
Thu Nov 27 21:11:37 GMT-03:00 2025 - ALERTA [SENSOR-CARAUBAS @ UFERSA - Caraubas, RN]: NO2 ALTO: 170,8ppb (limite: 160,0ppb) PM10 ALTO: 227,7μg/m³ (limite: 200,0μg/m³) RUÍDO ALTO: 94,8dB (limite: 85,0dB) 
Thu Nov 27 21:11:37 GMT-03:00 2025 - ALERTA [SENSOR-PAUDOSFERROS @ UFERSA - Pau dos Ferros, RN]: CO2 ALTO: 1696,5ppm (limite: 1600,0ppm) SO2 ALTO: 84,1ppb (limite: 80,0ppb) PM10 ALTO: 240,4μg/m³ (limite: 200,0μg/m³) 
Thu Nov 27 21:11:38 GMT-03:00 2025 - ALERTA [SENSOR-ANGICOS @ UFERSA - Angicos, RN]: CO2 ALTO: 1978,3ppm (limite: 1600,0ppm) CO ALTO: 48,6ppm (limite: 40,0ppm) RUÍDO ALTO: 91,2dB (limite: 85,0dB) 
Thu Nov 27 21:11:40 GMT-03:00 2025 - ALERTA [SENSOR-CARAUBAS @ UFERSA - Caraubas, RN]: RUÍDO ALTO: 85,8dB (limite: 85,0dB) 
Thu Nov 27 21:11:40 GMT-03:00 2025 - ALERTA [SENSOR-PAUDOSFERROS @ UFERSA - Pau dos Ferros, RN]: NO2 ALTO: 161,7ppb (limite: 160,0ppb) 
Thu Nov 27 21:11:40 GMT-03:00 2025 - ALERTA [SENSOR-ANGICOS @ UFERSA - Angicos, RN]: PM2.5 ALTO: 128,9μg/m³ (limite: 120,0μg/m³) 
Thu Nov 27 21:11:41 GMT-03:00 2025 - ALERTA [SENSOR-MOSSORO @ UFERSA - Mossoro, RN]: CO2 ALTO: 1801,8ppm (limite: 1600,0ppm) 
Thu Nov 27 21:11:43 GMT-03:00 2025 - ALERTA [SENSOR-ANGICOS @ UFERSA - Angicos, RN]: PM10 ALTO: 207,4μg/m³ (limite: 200,0μg/m³) 
Thu Nov 27 21:11:45 GMT-03:00 2025 - ALERTA [SENSOR-PAUDOSFERROS @ UFERSA - Pau dos Ferros, RN]: CO2 ALTO: 1728,7ppm (limite: 1600,0ppm) CO ALTO: 47,0ppm (limite: 40,0ppm) SO2 ALTO: 88,1ppb (limite: 80,0ppb) RUÍDO ALTO: 93,4dB (limite: 85,0dB) UV ALTO: 10,8 (limite: 9,0) 
Thu Nov 27 21:11:45 GMT-03:00 2025 - ALERTA [SENSOR-ANGICOS @ UFERSA - Angicos, RN]: NO2 ALTO: 191,1ppb (limite: 160,0ppb) PM2.5 ALTO: 147,5μg/m³ (limite: 120,0μg/m³) RUÍDO ALTO: 94,7dB (limite: 85,0dB) 
Thu Nov 27 21:11:46 GMT-03:00 2025 - ALERTA [SENSOR-CARAUBAS @ UFERSA - Caraubas, RN]: CO ALTO: 44,0ppm (limite: 40,0ppm) PM10 ALTO: 208,6μg/m³ (limite: 200,0μg/m³) 
Thu Nov 27 21:11:47 GMT-03:00 2025 - ALERTA [SENSOR-PAUDOSFERROS @ UFERSA - Pau dos Ferros, RN]: CO ALTO: 48,0ppm (limite: 40,0ppm) NO2 ALTO: 199,7ppb (limite: 160,0ppb) 
Thu Nov 27 21:11:47 GMT-03:00 2025 - ALERTA [SENSOR-MOSSORO @ UFERSA - Mossoro, RN]: PM2.5 ALTO: 141,9μg/m³ (limite: 120,0μg/m³) 
Thu Nov 27 21:11:47 GMT-03:00 2025 - ALERTA [SENSOR-ANGICOS @ UFERSA - Angicos, RN]: SO2 ALTO: 82,1ppb (limite: 80,0ppb) 
Thu Nov 27 21:11:48 GMT-03:00 2025 - ALERTA [SENSOR-CARAUBAS @ UFERSA - Caraubas, RN]: CO2 ALTO: 1634,5ppm (limite: 1600,0ppm) PM2.5 ALTO: 149,3μg/m³ (limite: 120,0μg/m³) UV ALTO: 10,9 (limite: 9,0) 
Thu Nov 27 21:11:49 GMT-03:00 2025 - ALERTA [SENSOR-PAUDOSFERROS @ UFERSA - Pau dos Ferros, RN]: PM10 ALTO: 221,5μg/m³ (limite: 200,0μg/m³) RUÍDO ALTO: 88,1dB (limite: 85,0dB) 
Thu Nov 27 21:11:50 GMT-03:00 2025 - ALERTA [SENSOR-ANGICOS @ UFERSA - Angicos, RN]: RUÍDO ALTO: 90,5dB (limite: 85,0dB) 
Thu Nov 27 21:11:50 GMT-03:00 2025 - ALERTA [SENSOR-MOSSORO @ UFERSA - Mossoro, RN]: CO2 ALTO: 1681,5ppm (limite: 1600,0ppm) PM10 ALTO: 220,9μg/m³ (limite: 200,0μg/m³) 
Thu Nov 27 21:11:51 GMT-03:00 2025 - ALERTA [SENSOR-CARAUBAS @ UFERSA - Caraubas, RN]: CO2 ALTO: 1993,8ppm (limite: 1600,0ppm) PM10 ALTO: 219,6μg/m³ (limite: 200,0μg/m³) 
Thu Nov 27 21:11:52 GMT-03:00 2025 - ALERTA [SENSOR-PAUDOSFERROS @ UFERSA - Pau dos Ferros, RN]: SO2 ALTO: 82,2ppb (limite: 80,0ppb) UV ALTO: 10,5 (limite: 9,0) 
Thu Nov 27 21:11:52 GMT-03:00 2025 - ALERTA [SENSOR-ANGICOS @ UFERSA - Angicos, RN]: PM2.5 ALTO: 138,3μg/m³ (limite: 120,0μg/m³) PM10 ALTO: 248,8μg/m³ (limite: 200,0μg/m³) RUÍDO ALTO: 87,1dB (limite: 85,0dB) UV ALTO: 10,8 (limite: 9,0) 
Thu Nov 27 21:11:53 GMT-03:00 2025 - ALERTA [SENSOR-MOSSORO @ UFERSA - Mossoro, RN]: CO ALTO: 48,2ppm (limite: 40,0ppm) NO2 ALTO: 183,4ppb (limite: 160,0ppb) SO2 ALTO: 90,4ppb (limite: 80,0ppb) 
Thu Nov 27 21:11:54 GMT-03:00 2025 - ALERTA [SENSOR-PAUDOSFERROS @ UFERSA - Pau dos Ferros, RN]: PM10 ALTO: 222,6μg/m³ (limite: 200,0μg/m³) 
Thu Nov 27 21:11:54 GMT-03:00 2025 - ALERTA [SENSOR-CARAUBAS @ UFERSA - Caraubas, RN]: CO ALTO: 44,9ppm (limite: 40,0ppm) 
Thu Nov 27 21:11:55 GMT-03:00 2025 - ALERTA [SENSOR-ANGICOS @ UFERSA - Angicos, RN]: CO ALTO: 40,9ppm (limite: 40,0ppm) PM10 ALTO: 212,1μg/m³ (limite: 200,0μg/m³) 
Thu Nov 27 21:11:56 GMT-03:00 2025 - ALERTA [SENSOR-MOSSORO @ UFERSA - Mossoro, RN]: PM2.5 ALTO: 145,0μg/m³ (limite: 120,0μg/m³) RUÍDO ALTO: 95,1dB (limite: 85,0dB) 
Thu Nov 27 21:11:57 GMT-03:00 2025 - ALERTA [SENSOR-CARAUBAS @ UFERSA - Caraubas, RN]: PM2.5 ALTO: 148,5μg/m³ (limite: 120,0μg/m³) UV ALTO: 10,7 (limite: 9,0) 
Thu Nov 27 21:11:59 GMT-03:00 2025 - ALERTA [SENSOR-MOSSORO @ UFERSA - Mossoro, RN]: SO2 ALTO: 96,9ppb (limite: 80,0ppb) 
Thu Nov 27 21:11:59 GMT-03:00 2025 - ALERTA [SENSOR-ANGICOS @ UFERSA - Angicos, RN]: CO ALTO: 41,2ppm (limite: 40,0ppm) UV ALTO: 9,7 (limite: 9,0) 
Thu Nov 27 21:12:00 GMT-03:00 2025 - ALERTA [SENSOR-CARAUBAS @ UFERSA - Caraubas, RN]: CO2 ALTO: 1916,5ppm (limite: 1600,0ppm) RUÍDO ALTO: 87,0dB (limite: 85,0dB) UV ALTO: 10,1 (limite: 9,0) 
Thu Nov 27 21:12:01 GMT-03:00 2025 - ALERTA [SENSOR-PAUDOSFERROS @ UFERSA - Pau dos Ferros, RN]: SO2 ALTO: 92,4ppb (limite: 80,0ppb) PM2.5 ALTO: 125,6μg/m³ (limite: 120,0μg/m³) PM10 ALTO: 234,4μg/m³ (limite: 200,0μg/m³) 
Thu Nov 27 21:12:01 GMT-03:00 2025 - ALERTA [SENSOR-MOSSORO @ UFERSA - Mossoro, RN]: CO2 ALTO: 1895,9ppm (limite: 1600,0ppm) NO2 ALTO: 173,6ppb (limite: 160,0ppb) SO2 ALTO: 88,1ppb (limite: 80,0ppb) PM10 ALTO: 200,9μg/m³ (limite: 200,0μg/m³) RUÍDO ALTO: 94,1dB (limite: 85,0dB) 
Thu Nov 27 21:12:02 GMT-03:00 2025 - ALERTA [SENSOR-ANGICOS @ UFERSA - Angicos, RN]: CO2 ALTO: 1948,4ppm (limite: 1600,0ppm) NO2 ALTO: 170,6ppb (limite: 160,0ppb) SO2 ALTO: 82,6ppb (limite: 80,0ppb) PM2.5 ALTO: 146,6μg/m³ (limite: 120,0μg/m³) RUÍDO ALTO: 85,8dB (limite: 85,0dB) 
Thu Nov 27 21:12:03 GMT-03:00 2025 - ALERTA [SENSOR-PAUDOSFERROS @ UFERSA - Pau dos Ferros, RN]: CO2 ALTO: 1816,3ppm (limite: 1600,0ppm) NO2 ALTO: 180,9ppb (limite: 160,0ppb) RUÍDO ALTO: 96,9dB (limite: 85,0dB) 
Thu Nov 27 21:12:04 GMT-03:00 2025 - ALERTA [SENSOR-ANGICOS @ UFERSA - Angicos, RN]: SO2 ALTO: 94,2ppb (limite: 80,0ppb) 
Thu Nov 27 21:12:04 GMT-03:00 2025 - ALERTA [SENSOR-MOSSORO @ UFERSA - Mossoro, RN]: PM10 ALTO: 224,6μg/m³ (limite: 200,0μg/m³) 
Thu Nov 27 21:12:06 GMT-03:00 2025 - ALERTA [SENSOR-PAUDOSFERROS @ UFERSA - Pau dos Ferros, RN]: NO2 ALTO: 177,7ppb (limite: 160,0ppb) PM2.5 ALTO: 134,7μg/m³ (limite: 120,0μg/m³) 
Thu Nov 27 21:12:06 GMT-03:00 2025 - ALERTA [SENSOR-CARAUBAS @ UFERSA - Caraubas, RN]: NO2 ALTO: 198,9ppb (limite: 160,0ppb) PM2.5 ALTO: 148,5μg/m³ (limite: 120,0μg/m³) 
Thu Nov 27 21:12:06 GMT-03:00 2025 - ALERTA [SENSOR-ANGICOS @ UFERSA - Angicos, RN]: SO2 ALTO: 80,6ppb (limite: 80,0ppb) RUÍDO ALTO: 97,2dB (limite: 85,0dB) UV ALTO: 10,3 (limite: 9,0) 
Thu Nov 27 21:21:41 GMT-03:00 2025 - ALERTA [SENSOR-MOSSORO @ UFERSA - Mossoro, RN]: RUÍDO ALTO: 99,2dB (limite: 85,0dB) 
Thu Nov 27 21:21:41 GMT-03:00 2025 - ALERTA [SENSOR-PAUDOSFERROS @ UFERSA - Pau dos Ferros, RN]: CO2 ALTO: 1769,0ppm (limite: 1600,0ppm) SO2 ALTO: 80,4ppb (limite: 80,0ppb) PM10 ALTO: 229,4μg/m³ (limite: 200,0μg/m³) 
Thu Nov 27 21:21:41 GMT-03:00 2025 - ALERTA [SENSOR-ANGICOS @ UFERSA - Angicos, RN]: NO2 ALTO: 187,5ppb (limite: 160,0ppb) SO2 ALTO: 94,7ppb (limite: 80,0ppb) 
Thu Nov 27 21:21:41 GMT-03:00 2025 - ALERTA [SENSOR-CARAUBAS @ UFERSA - Caraubas, RN]: CO2 ALTO: 1762,2ppm (limite: 1600,0ppm) NO2 ALTO: 186,7ppb (limite: 160,0ppb) PM2.5 ALTO: 126,9μg/m³ (limite: 120,0μg/m³) 
Thu Nov 27 21:21:43 GMT-03:00 2025 - ALERTA [SENSOR-CARAUBAS @ UFERSA - Caraubas, RN]: CO2 ALTO: 1685,8ppm (limite: 1600,0ppm) RUÍDO ALTO: 89,8dB (limite: 85,0dB) 
Thu Nov 27 21:21:43 GMT-03:00 2025 - ALERTA [SENSOR-ANGICOS @ UFERSA - Angicos, RN]: CO2 ALTO: 1942,0ppm (limite: 1600,0ppm) 
Thu Nov 27 21:21:43 GMT-03:00 2025 - ALERTA [SENSOR-PAUDOSFERROS @ UFERSA - Pau dos Ferros, RN]: CO2 ALTO: 1708,7ppm (limite: 1600,0ppm) NO2 ALTO: 192,2ppb (limite: 160,0ppb) 
Thu Nov 27 21:21:44 GMT-03:00 2025 - ALERTA [SENSOR-MOSSORO @ UFERSA - Mossoro, RN]: NO2 ALTO: 182,8ppb (limite: 160,0ppb) 
Thu Nov 27 21:21:45 GMT-03:00 2025 - ALERTA [SENSOR-CARAUBAS @ UFERSA - Caraubas, RN]: RUÍDO ALTO: 97,2dB (limite: 85,0dB) 
Thu Nov 27 21:21:46 GMT-03:00 2025 - ALERTA [SENSOR-ANGICOS @ UFERSA - Angicos, RN]: CO2 ALTO: 1854,2ppm (limite: 1600,0ppm) NO2 ALTO: 181,7ppb (limite: 160,0ppb) SO2 ALTO: 86,9ppb (limite: 80,0ppb) 
Thu Nov 27 21:21:46 GMT-03:00 2025 - ALERTA [SENSOR-PAUDOSFERROS @ UFERSA - Pau dos Ferros, RN]: CO2 ALTO: 1719,7ppm (limite: 1600,0ppm) PM10 ALTO: 242,5μg/m³ (limite: 200,0μg/m³) RUÍDO ALTO: 90,5dB (limite: 85,0dB) 
Thu Nov 27 21:21:48 GMT-03:00 2025 - ALERTA [SENSOR-ANGICOS @ UFERSA - Angicos, RN]: SO2 ALTO: 80,9ppb (limite: 80,0ppb) 
Thu Nov 27 21:21:50 GMT-03:00 2025 - ALERTA [SENSOR-CARAUBAS @ UFERSA - Caraubas, RN]: CO ALTO: 41,6ppm (limite: 40,0ppm) 
Thu Nov 27 21:21:51 GMT-03:00 2025 - ALERTA [SENSOR-ANGICOS @ UFERSA - Angicos, RN]: CO ALTO: 41,3ppm (limite: 40,0ppm) NO2 ALTO: 161,6ppb (limite: 160,0ppb) PM2.5 ALTO: 149,3μg/m³ (limite: 120,0μg/m³) 
Thu Nov 27 21:21:51 GMT-03:00 2025 - ALERTA [SENSOR-PAUDOSFERROS @ UFERSA - Pau dos Ferros, RN]: RUÍDO ALTO: 97,6dB (limite: 85,0dB) 
Thu Nov 27 21:21:52 GMT-03:00 2025 - ALERTA [SENSOR-CARAUBAS @ UFERSA - Caraubas, RN]: SO2 ALTO: 80,8ppb (limite: 80,0ppb) PM10 ALTO: 246,0μg/m³ (limite: 200,0μg/m³) RUÍDO ALTO: 91,0dB (limite: 85,0dB) 
Thu Nov 27 21:21:53 GMT-03:00 2025 - ALERTA [SENSOR-ANGICOS @ UFERSA - Angicos, RN]: PM2.5 ALTO: 140,7μg/m³ (limite: 120,0μg/m³) RUÍDO ALTO: 92,0dB (limite: 85,0dB) 
Thu Nov 27 21:21:54 GMT-03:00 2025 - ALERTA [SENSOR-PAUDOSFERROS @ UFERSA - Pau dos Ferros, RN]: NO2 ALTO: 194,8ppb (limite: 160,0ppb) 
Thu Nov 27 21:21:54 GMT-03:00 2025 - ALERTA [SENSOR-MOSSORO @ UFERSA - Mossoro, RN]: PM10 ALTO: 240,4μg/m³ (limite: 200,0μg/m³) RUÍDO ALTO: 91,0dB (limite: 85,0dB) 
Thu Nov 27 21:21:56 GMT-03:00 2025 - ALERTA [SENSOR-ANGICOS @ UFERSA - Angicos, RN]: NO2 ALTO: 184,9ppb (limite: 160,0ppb) SO2 ALTO: 87,2ppb (limite: 80,0ppb) PM2.5 ALTO: 138,0μg/m³ (limite: 120,0μg/m³) 
Thu Nov 27 21:21:56 GMT-03:00 2025 - ALERTA [SENSOR-PAUDOSFERROS @ UFERSA - Pau dos Ferros, RN]: RUÍDO ALTO: 90,9dB (limite: 85,0dB) 
Thu Nov 27 21:21:57 GMT-03:00 2025 - ALERTA [SENSOR-MOSSORO @ UFERSA - Mossoro, RN]: CO2 ALTO: 1857,9ppm (limite: 1600,0ppm) 
Thu Nov 27 21:21:57 GMT-03:00 2025 - ALERTA [SENSOR-CARAUBAS @ UFERSA - Caraubas, RN]: PM2.5 ALTO: 148,1μg/m³ (limite: 120,0μg/m³) RUÍDO ALTO: 88,1dB (limite: 85,0dB) 
Thu Nov 27 21:21:59 GMT-03:00 2025 - ALERTA [SENSOR-ANGICOS @ UFERSA - Angicos, RN]: RUÍDO ALTO: 95,4dB (limite: 85,0dB) 
Thu Nov 27 21:21:59 GMT-03:00 2025 - ALERTA [SENSOR-PAUDOSFERROS @ UFERSA - Pau dos Ferros, RN]: SO2 ALTO: 86,6ppb (limite: 80,0ppb) 
Thu Nov 27 21:21:59 GMT-03:00 2025 - ALERTA [SENSOR-CARAUBAS @ UFERSA - Caraubas, RN]: RUÍDO ALTO: 87,2dB (limite: 85,0dB) 
Thu Nov 27 21:21:59 GMT-03:00 2025 - ALERTA [SENSOR-MOSSORO @ UFERSA - Mossoro, RN]: RUÍDO ALTO: 87,7dB (limite: 85,0dB) 
Thu Nov 27 21:22:01 GMT-03:00 2025 - ALERTA [SENSOR-ANGICOS @ UFERSA - Angicos, RN]: CO2 ALTO: 1820,3ppm (limite: 1600,0ppm) RUÍDO ALTO: 91,7dB (limite: 85,0dB) 
Thu Nov 27 21:22:01 GMT-03:00 2025 - ALERTA [SENSOR-CARAUBAS @ UFERSA - Caraubas, RN]: CO2 ALTO: 1644,7ppm (limite: 1600,0ppm) SO2 ALTO: 88,4ppb (limite: 80,0ppb) PM10 ALTO: 243,3μg/m³ (limite: 200,0μg/m³) RUÍDO ALTO: 90,4dB (limite: 85,0dB) 
Thu Nov 27 21:22:02 GMT-03:00 2025 - ALERTA [SENSOR-PAUDOSFERROS @ UFERSA - Pau dos Ferros, RN]: CO2 ALTO: 1718,7ppm (limite: 1600,0ppm) RUÍDO ALTO: 94,8dB (limite: 85,0dB) 
Thu Nov 27 21:22:02 GMT-03:00 2025 - ALERTA [SENSOR-MOSSORO @ UFERSA - Mossoro, RN]: PM2.5 ALTO: 121,5μg/m³ (limite: 120,0μg/m³) PM10 ALTO: 241,8μg/m³ (limite: 200,0μg/m³) 
Thu Nov 27 21:22:04 GMT-03:00 2025 - ALERTA [SENSOR-CARAUBAS @ UFERSA - Caraubas, RN]: CO ALTO: 41,7ppm (limite: 40,0ppm) 
Thu Nov 27 21:22:04 GMT-03:00 2025 - ALERTA [SENSOR-PAUDOSFERROS @ UFERSA - Pau dos Ferros, RN]: NO2 ALTO: 178,2ppb (limite: 160,0ppb) 
Thu Nov 27 21:22:05 GMT-03:00 2025 - ALERTA [SENSOR-MOSSORO @ UFERSA - Mossoro, RN]: CO2 ALTO: 1839,9ppm (limite: 1600,0ppm) 
Thu Nov 27 21:22:06 GMT-03:00 2025 - ALERTA [SENSOR-CARAUBAS @ UFERSA - Caraubas, RN]: RUÍDO ALTO: 97,3dB (limite: 85,0dB) 
Thu Nov 27 21:22:06 GMT-03:00 2025 - ALERTA [SENSOR-ANGICOS @ UFERSA - Angicos, RN]: CO2 ALTO: 1964,9ppm (limite: 1600,0ppm) SO2 ALTO: 82,1ppb (limite: 80,0ppb) 
Thu Nov 27 21:22:07 GMT-03:00 2025 - ALERTA [SENSOR-PAUDOSFERROS @ UFERSA - Pau dos Ferros, RN]: CO ALTO: 47,8ppm (limite: 40,0ppm) 
Thu Nov 27 21:22:07 GMT-03:00 2025 - ALERTA [SENSOR-MOSSORO @ UFERSA - Mossoro, RN]: CO ALTO: 47,9ppm (limite: 40,0ppm) 
Thu Nov 27 21:22:08 GMT-03:00 2025 - ALERTA [SENSOR-CARAUBAS @ UFERSA - Caraubas, RN]: SO2 ALTO: 85,5ppb (limite: 80,0ppb) 
Thu Nov 27 21:22:09 GMT-03:00 2025 - ALERTA [SENSOR-ANGICOS @ UFERSA - Angicos, RN]: CO2 ALTO: 1981,8ppm (limite: 1600,0ppm) CO ALTO: 47,0ppm (limite: 40,0ppm) SO2 ALTO: 97,3ppb (limite: 80,0ppb) 
Thu Nov 27 21:22:11 GMT-03:00 2025 - ALERTA [SENSOR-CARAUBAS @ UFERSA - Caraubas, RN]: CO2 ALTO: 1788,5ppm (limite: 1600,0ppm) RUÍDO ALTO: 91,0dB (limite: 85,0dB) 
Thu Nov 27 21:22:11 GMT-03:00 2025 - ALERTA [SENSOR-ANGICOS @ UFERSA - Angicos, RN]: CO2 ALTO: 1682,8ppm (limite: 1600,0ppm) NO2 ALTO: 184,2ppb (limite: 160,0ppb) PM2.5 ALTO: 121,9μg/m³ (limite: 120,0μg/m³) 
Thu Nov 27 21:22:12 GMT-03:00 2025 - ALERTA [SENSOR-PAUDOSFERROS @ UFERSA - Pau dos Ferros, RN]: NO2 ALTO: 163,5ppb (limite: 160,0ppb) PM2.5 ALTO: 131,7μg/m³ (limite: 120,0μg/m³) RUÍDO ALTO: 92,5dB (limite: 85,0dB) 
Thu Nov 27 21:22:14 GMT-03:00 2025 - ALERTA [SENSOR-ANGICOS @ UFERSA - Angicos, RN]: NO2 ALTO: 191,7ppb (limite: 160,0ppb) PM10 ALTO: 211,9μg/m³ (limite: 200,0μg/m³) UV ALTO: 10,2 (limite: 9,0) 
Thu Nov 27 21:22:15 GMT-03:00 2025 - ALERTA [SENSOR-PAUDOSFERROS @ UFERSA - Pau dos Ferros, RN]: CO2 ALTO: 1843,2ppm (limite: 1600,0ppm) CO ALTO: 42,8ppm (limite: 40,0ppm) SO2 ALTO: 88,3ppb (limite: 80,0ppb) 
Thu Nov 27 21:22:15 GMT-03:00 2025 - ALERTA [SENSOR-CARAUBAS @ UFERSA - Caraubas, RN]: RUÍDO ALTO: 88,2dB (limite: 85,0dB) 
Thu Nov 27 21:22:15 GMT-03:00 2025 - ALERTA [SENSOR-MOSSORO @ UFERSA - Mossoro, RN]: CO2 ALTO: 1668,4ppm (limite: 1600,0ppm) UV ALTO: 9,5 (limite: 9,0) 
Thu Nov 27 21:22:16 GMT-03:00 2025 - ALERTA [SENSOR-ANGICOS @ UFERSA - Angicos, RN]: PM10 ALTO: 240,5μg/m³ (limite: 200,0μg/m³) 
Thu Nov 27 21:22:17 GMT-03:00 2025 - ALERTA [SENSOR-PAUDOSFERROS @ UFERSA - Pau dos Ferros, RN]: CO2 ALTO: 1924,5ppm (limite: 1600,0ppm) SO2 ALTO: 95,7ppb (limite: 80,0ppb) PM2.5 ALTO: 120,1μg/m³ (limite: 120,0μg/m³) RUÍDO ALTO: 90,3dB (limite: 85,0dB) UV ALTO: 10,6 (limite: 9,0) 
Thu Nov 27 21:22:17 GMT-03:00 2025 - ALERTA [SENSOR-CARAUBAS @ UFERSA - Caraubas, RN]: UV ALTO: 10,4 (limite: 9,0) 
Thu Nov 27 21:22:19 GMT-03:00 2025 - ALERTA [SENSOR-ANGICOS @ UFERSA - Angicos, RN]: CO ALTO: 40,9ppm (limite: 40,0ppm) 
Thu Nov 27 21:22:20 GMT-03:00 2025 - ALERTA [SENSOR-CARAUBAS @ UFERSA - Caraubas, RN]: CO ALTO: 40,2ppm (limite: 40,0ppm) 
Thu Nov 27 21:22:21 GMT-03:00 2025 - ALERTA [SENSOR-ANGICOS @ UFERSA - Angicos, RN]: NO2 ALTO: 183,4ppb (limite: 160,0ppb) RUÍDO ALTO: 91,0dB (limite: 85,0dB) 
Thu Nov 27 21:22:22 GMT-03:00 2025 - ALERTA [SENSOR-CARAUBAS @ UFERSA - Caraubas, RN]: RUÍDO ALTO: 89,1dB (limite: 85,0dB) 
Thu Nov 27 21:22:22 GMT-03:00 2025 - ALERTA [SENSOR-PAUDOSFERROS @ UFERSA - Pau dos Ferros, RN]: CO2 ALTO: 1998,2ppm (limite: 1600,0ppm) SO2 ALTO: 85,6ppb (limite: 80,0ppb) PM10 ALTO: 211,0μg/m³ (limite: 200,0μg/m³) 
Thu Nov 27 21:22:24 GMT-03:00 2025 - ALERTA [SENSOR-CARAUBAS @ UFERSA - Caraubas, RN]: PM10 ALTO: 221,3μg/m³ (limite: 200,0μg/m³) 
Thu Nov 27 21:22:25 GMT-03:00 2025 - ALERTA [SENSOR-PAUDOSFERROS @ UFERSA - Pau dos Ferros, RN]: CO ALTO: 40,7ppm (limite: 40,0ppm) UV ALTO: 9,9 (limite: 9,0) 
Thu Nov 27 21:22:26 GMT-03:00 2025 - ALERTA [SENSOR-MOSSORO @ UFERSA - Mossoro, RN]: PM2.5 ALTO: 149,3μg/m³ (limite: 120,0μg/m³) 
Thu Nov 27 21:22:26 GMT-03:00 2025 - ALERTA [SENSOR-ANGICOS @ UFERSA - Angicos, RN]: CO ALTO: 41,7ppm (limite: 40,0ppm) 
Thu Nov 27 21:22:28 GMT-03:00 2025 - ALERTA [SENSOR-PAUDOSFERROS @ UFERSA - Pau dos Ferros, RN]: SO2 ALTO: 80,8ppb (limite: 80,0ppb) 
Thu Nov 27 21:22:29 GMT-03:00 2025 - ALERTA [SENSOR-MOSSORO @ UFERSA - Mossoro, RN]: NO2 ALTO: 182,5ppb (limite: 160,0ppb) RUÍDO ALTO: 97,5dB (limite: 85,0dB) 
Thu Nov 27 21:22:29 GMT-03:00 2025 - ALERTA [SENSOR-ANGICOS @ UFERSA - Angicos, RN]: CO ALTO: 46,6ppm (limite: 40,0ppm) NO2 ALTO: 195,2ppb (limite: 160,0ppb) UV ALTO: 10,8 (limite: 9,0) 
Thu Nov 27 21:22:29 GMT-03:00 2025 - ALERTA [SENSOR-CARAUBAS @ UFERSA - Caraubas, RN]: NO2 ALTO: 160,5ppb (limite: 160,0ppb) PM2.5 ALTO: 127,8μg/m³ (limite: 120,0μg/m³) 
Thu Nov 27 21:22:30 GMT-03:00 2025 - ALERTA [SENSOR-PAUDOSFERROS @ UFERSA - Pau dos Ferros, RN]: RUÍDO ALTO: 85,2dB (limite: 85,0dB) 
Thu Nov 27 21:22:31 GMT-03:00 2025 - ALERTA [SENSOR-CARAUBAS @ UFERSA - Caraubas, RN]: CO2 ALTO: 1613,3ppm (limite: 1600,0ppm) SO2 ALTO: 92,9ppb (limite: 80,0ppb) 
Thu Nov 27 21:22:31 GMT-03:00 2025 - ALERTA [SENSOR-MOSSORO @ UFERSA - Mossoro, RN]: CO2 ALTO: 1921,9ppm (limite: 1600,0ppm) CO ALTO: 41,9ppm (limite: 40,0ppm) 
Thu Nov 27 21:22:31 GMT-03:00 2025 - ALERTA [SENSOR-ANGICOS @ UFERSA - Angicos, RN]: CO2 ALTO: 1775,5ppm (limite: 1600,0ppm) CO ALTO: 43,0ppm (limite: 40,0ppm) PM2.5 ALTO: 137,8μg/m³ (limite: 120,0μg/m³) UV ALTO: 10,8 (limite: 9,0) 
Thu Nov 27 21:22:33 GMT-03:00 2025 - ALERTA [SENSOR-PAUDOSFERROS @ UFERSA - Pau dos Ferros, RN]: NO2 ALTO: 178,3ppb (limite: 160,0ppb) PM10 ALTO: 225,8μg/m³ (limite: 200,0μg/m³) 
Thu Nov 27 21:22:33 GMT-03:00 2025 - ALERTA [SENSOR-CARAUBAS @ UFERSA - Caraubas, RN]: CO2 ALTO: 1711,2ppm (limite: 1600,0ppm) 
Thu Nov 27 21:22:34 GMT-03:00 2025 - ALERTA [SENSOR-ANGICOS @ UFERSA - Angicos, RN]: NO2 ALTO: 191,8ppb (limite: 160,0ppb) RUÍDO ALTO: 85,8dB (limite: 85,0dB) 
Thu Nov 27 21:22:34 GMT-03:00 2025 - ALERTA [SENSOR-MOSSORO @ UFERSA - Mossoro, RN]: SO2 ALTO: 88,8ppb (limite: 80,0ppb) UV ALTO: 9,4 (limite: 9,0) 
Thu Nov 27 21:22:35 GMT-03:00 2025 - ALERTA [SENSOR-PAUDOSFERROS @ UFERSA - Pau dos Ferros, RN]: SO2 ALTO: 98,3ppb (limite: 80,0ppb) RUÍDO ALTO: 90,0dB (limite: 85,0dB) 
Thu Nov 27 21:22:36 GMT-03:00 2025 - ALERTA [SENSOR-CARAUBAS @ UFERSA - Caraubas, RN]: SO2 ALTO: 99,6ppb (limite: 80,0ppb) PM2.5 ALTO: 121,5μg/m³ (limite: 120,0μg/m³) 
Thu Nov 27 21:22:36 GMT-03:00 2025 - ALERTA [SENSOR-ANGICOS @ UFERSA - Angicos, RN]: RUÍDO ALTO: 97,3dB (limite: 85,0dB) 
Thu Nov 27 21:22:38 GMT-03:00 2025 - ALERTA [SENSOR-CARAUBAS @ UFERSA - Caraubas, RN]: UV ALTO: 9,8 (limite: 9,0) 
Thu Nov 27 21:22:38 GMT-03:00 2025 - ALERTA [SENSOR-PAUDOSFERROS @ UFERSA - Pau dos Ferros, RN]: NO2 ALTO: 185,1ppb (limite: 160,0ppb) RUÍDO ALTO: 97,1dB (limite: 85,0dB) 
Thu Nov 27 21:22:39 GMT-03:00 2025 - ALERTA [SENSOR-ANGICOS @ UFERSA - Angicos, RN]: CO2 ALTO: 1730,8ppm (limite: 1600,0ppm) 
Thu Nov 27 21:22:39 GMT-03:00 2025 - ALERTA [SENSOR-MOSSORO @ UFERSA - Mossoro, RN]: NO2 ALTO: 187,3ppb (limite: 160,0ppb) PM2.5 ALTO: 138,2μg/m³ (limite: 120,0μg/m³) 
Thu Nov 27 21:22:41 GMT-03:00 2025 - ALERTA [SENSOR-PAUDOSFERROS @ UFERSA - Pau dos Ferros, RN]: SO2 ALTO: 94,4ppb (limite: 80,0ppb) 
